B0D798B8JX	brand_unconfirmed: wanted=VIP
B0D798VN9T	brand_unconfirmed: wanted=VIP
B0D795G32G	brand_unconfirmed: wanted=VIP
B0CWSCT2VJ	brand_unconfirmed: wanted=VIP
B09NXV58V3	brand_unconfirmed: wanted=VIP
B07YZF923N	brand_unconfirmed: wanted=VIP
B07YZK5NLJ	brand_unconfirmed: wanted=VIP
B0FC6P433Z	brand_unconfirmed: wanted=VIP
B0DRVVLTQ2	brand_unconfirmed: wanted=VIP
B097GR45SS	brand_unconfirmed: wanted=VIP
B0C8YWY72M	brand_unconfirmed: wanted=VIP
B0C1K4F8NN	brand_unconfirmed: wanted=VIP
B09NXVCXJW	brand_unconfirmed: wanted=VIP
B0B4S65R78	brand_unconfirmed: wanted=VIP
B0FPXMYQZY	brand_unconfirmed: wanted=VIP
B0FPCJX1TR	brand_unconfirmed: wanted=VIP
B07HCRSLFY	brand_unconfirmed: wanted=VIP
B0C8YWN6T3	brand_unconfirmed: wanted=VIP
B0H1MX28V7	brand_unconfirmed: wanted=VIP
B0D4RF2V6P	brand_unconfirmed: wanted=VIP
B0B6CF2SWY	brand_unconfirmed: wanted=VIP
B0F67KYF8J	brand_unconfirmed: wanted=VIP
B0FNN4TNT3	brand_unconfirmed: wanted=VIP
B0CWSB3ZS9	brand_unconfirmed: wanted=VIP
B07Z9WGXZD	brand_unconfirmed: wanted=VIP
B0FMF4YHCR	brand_unconfirmed: wanted=VIP
B0FC6Q1XCY	brand_unconfirmed: wanted=VIP
B0C8ZLK3T5	brand_unconfirmed: wanted=VIP
B07YZH772P	brand_unconfirmed: wanted=VIP
B0C8ZMBZDK	brand_unconfirmed: wanted=VIP
B0G6DWRMJ2	brand_unconfirmed: wanted=VIP
B097JMXLT9	brand_unconfirmed: wanted=VIP
B0GVSBZ23R	brand_unconfirmed: wanted=VIP
B0GVSBKRRF	brand_unconfirmed: wanted=VIP
